ets Jul 29 2019 12:21:46

rst:0x1 (POWERON_RESET),boot:0x13 (SPI_FAST_FLASH_BOOT)
configsip: 0, SPIWP:0xee
clk_drv:0x00,q_drv:0x00,d_drv:0x00,cs0_drv:0x00,hd_drv:0x00,wp_drv:0x00
mode:DIO, clock div:2
load:0x3fff0030,len:6276
load:0x40078000,len:15748
load:0x40080400,len:4
ho 8 tail 4 room 4
load:0x40080404,len:3860
entry 0x4008063c
[0;32mI (31) boot: ESP-IDF v5.4.1 2nd stage bootloader[0m
[0;32mI (31) boot: compile time Apr 30 2025 04:51:57[0m
[0;32mI (31) boot: Multicore bootloader[0m
[0;32mI (32) boot: chip revision: v3.1[0m
[0;32mI (35) boot.esp32: SPI Speed      : 40MHz[0m
[0;32mI (39) boot.esp32: SPI Mode       : DIO[0m
[0;32mI (43) boot.esp32: SPI Flash Size : 2MB[0m
[0;32mI (46) boot: Enabling RNG early entropy source...[0m
[0;32mI (51) boot: Partition Table:[0m
[0;32mI (53) boot: ## Label            Usage          Type ST Offset   Length[0m
[0;32mI (60) boot:  0 nvs              WiFi data        01 02 00009000 00006000[0m
[0;32mI (66) boot:  1 phy_init         RF data          01 01 0000f000 00001000[0m
[0;32mI (73) boot:  2 factory          factory app      00 00 00010000 00177000[0m
[0;32mI (79) boot: End of partition table[0m
[0;32mI (82) esp_image: segment 0: paddr=00010020 vaddr=3f400020 size=296ech (169708) map[0m
[0;32mI (148) esp_image: segment 1: paddr=00039714 vaddr=3ff80000 size=0001ch (    28) load[0m
[0;32mI (148) esp_image: segment 2: paddr=00039738 vaddr=3ffbdb60 size=054f8h ( 21752) load[0m
[0;32mI (160) esp_image: segment 3: paddr=0003ec38 vaddr=40080000 size=013e0h (  5088) load[0m
[0;32mI (162) esp_image: segment 4: paddr=00040020 vaddr=400d0020 size=95de0h (613856) map[0m
[0;32mI (377) esp_image: segment 5: paddr=000d5e08 vaddr=400813e0 size=168c8h ( 92360) load[0m
[0;32mI (424) boot: Loaded app from partition at offset 0x10000[0m
[0;32mI (424) boot: Disabling RNG early entropy source...[0m
[0;32mI (435) cpu_start: Multicore app[0m
[0;32mI (443) cpu_start: Pro cpu start user code[0m
[0;32mI (443) cpu_start: cpu freq: 160000000 Hz[0m
[0;32mI (443) app_init: Application information:[0m
[0;32mI (443) app_init: Project name:     onoff_client[0m
[0;32mI (448) app_init: App version:      1[0m
[0;32mI (451) app_init: Compile time:     Apr 30 2025 04:51:41[0m
[0;32mI (456) app_init: ELF file SHA256:  8f8420058...[0m
[0;32mI (461) app_init: ESP-IDF:          v5.4.1[0m
[0;32mI (464) efuse_init: Min chip rev:     v0.0[0m
[0;32mI (468) efuse_init: Max chip rev:     v3.99 [0m
[0;32mI (472) efuse_init: Chip rev:         v3.1[0m
[0;32mI (476) heap_init: Initializing. RAM available for dynamic allocation:[0m
[0;32mI (482) heap_init: At 3FFAFF10 len 000000F0 (0 KiB): DRAM[0m
[0;32mI (487) heap_init: At 3FFB6388 len 00001C78 (7 KiB): DRAM[0m
[0;32mI (493) heap_init: At 3FFB9A20 len 00004108 (16 KiB): DRAM[0m
[0;32mI (498) heap_init: At 3FFCAE48 len 000151B8 (84 KiB): DRAM[0m
[0;32mI (503) heap_init: At 3FFE0440 len 00003AE0 (14 KiB): D/IRAM[0m
[0;32mI (508) heap_init: At 3FFE4350 len 0001BCB0 (111 KiB): D/IRAM[0m
[0;32mI (514) heap_init: At 40097CA8 len 00008358 (32 KiB): IRAM[0m
[0;32mI (521) spi_flash: detected chip: generic[0m
[0;32mI (523) spi_flash: flash io: dio[0m
[0;33mW (526) spi_flash: Detected size(4096k) larger than the size in the binary image header(2048k). Using the size in the binary image header.[0m
[0;32mI (539) coexist: coex firmware version: e727207[0m
[0;32mI (543) main_task: Started on CPU0[0m
[0;32mI (553) main_task: Calling app_main()[0m
[0;32mI (553) EXAMPLE: Initializing...[0m
[0;32mI (553) gpio: GPIO[25]| InputEn: 0| OutputEn: 0| OpenDrain: 0| Pullup: 1| Pulldown: 0| Intr:0 [0m
[0;32mI (553) gpio: GPIO[26]| InputEn: 0| OutputEn: 0| OpenDrain: 0| Pullup: 1| Pulldown: 0| Intr:0 [0m
[0;32mI (563) gpio: GPIO[27]| InputEn: 0| OutputEn: 0| OpenDrain: 0| Pullup: 1| Pulldown: 0| Intr:0 [0m
use esp timer !!!
[1;31mE (573) esp_timer: Task is already initialized[0m
[0;32mI (573) gpio: GPIO[0]| InputEn: 1| OutputEn: 0| OpenDrain: 0| Pullup: 1| Pulldown: 0| Intr:3 [0m
[0;32mI (603) BTDM_INIT: BT controller compile version [dc1cd58][0m
[0;32mI (603) BTDM_INIT: Bluetooth MAC: 14:33:5c:38:cf:e2[0m
[0;32mI (603) phy_init: phy_version 4860,6b7a6e5,Feb  6 2025,14:47:07[0m
[0;32mI (953) EXAMPLE_NVS: Open namespace done, name "mesh_example"[0m
[0;32mI (1043) EXAMPLE: ESP_BLE_MESH_PROV_REGISTER_COMP_EVT, err_code 0[0m
[0;32mI (1043) EXAMPLE_NVS: Restore, key "onoff_client", length 6[0m
[0;32mI (1043) EXAMPLE_NVS: Restore, data: 00 00 07 00 00 12[0m
[0;32mI (1043) EXAMPLE: Restore, net_idx 0x0000, app_idx 0x0007, onoff 0, tid 0x12[0m
[0;32mI (1063) EXAMPLE: ESP_BLE_MESH_NODE_PROV_ENABLE_COMP_EVT, err_code 0[0m
[0;32mI (1063) EXAMPLE: BLE Mesh Node initialized[0m
[0;32mI (1063) gpio: GPIO[27]| InputEn: 1| OutputEn: 0| OpenDrain: 0| Pullup: 1| Pulldown: 0| Intr:2 [0m
[1;31mE (1073) gpio: gpio_install_isr_service(502): GPIO isr service already installed[0m
[0;32mI (963) EXAMPLE_NVS: Open namespace done, name "mesh_example"[0m
[0;32mI (1043) EXAMPLE: ESP_BLE_MESH_PROV_REGISTER_COMP_EVT, err_code 0[0m
[0;32mI (1043) EXAMPLE_NVS: Restore, key "onoff_client", length 6[0m
[0;32mI (1043) EXAMPLE_NVS: Restore, data: 00 00 07 00 00 12[0m
[0;32mI (1053) EXAMPLE: Restore, net_idx 0x0000, app_idx 0x0007, onoff 0, tid 0x12[0m
[0;32mI (1073) EXAMPLE: ESP_BLE_MESH_NODE_PROV_ENABLE_COMP_EVT, err_code 0[0m
[0;32mI (1073) EXAMPLE: BLE Mesh Node initialized[0m
[0;32mI (1073) gpio: GPIO[27]| InputEn: 1| OutputEn: 0| OpenDrain: 0| Pullup: 1| Pulldown: 0| Intr:2 [0m
[1;31mE (1073) gpio: gpio_install_isr_service(502): GPIO isr service already installed[0m
[0;32mI (19333) EXAMPLE: ESP_BLE_MESH_NODE_PROV_LINK_OPEN_EVT, bearer PB-GATT[0m
[0;33mW (27753) BLE_MESH: No Health Server context provided[0m
[0;33mW (32343) BLE_MESH: No Health Server context provided[0m
[0;32mI (32363) EXAMPLE: ESP_BLE_MESH_NODE_PROV_LINK_CLOSE_EVT, bearer PB-GATT[0m
[0;32mI (32363) EXAMPLE: ESP_BLE_MESH_NODE_PROV_COMPLETE_EVT[0m
[0;32mI (32363) EXAMPLE: net_idx: 0x0000, addr: 0x0025[0m
[0;32mI (32373) EXAMPLE: flags: 0x00, iv_index: 0x00000000[0m
[0;32mI (32373) EXAMPLE: Provisioning completado! NetIdx: 0x0000, Addr: 0x0025[0m
[0;33mW (33463) BT_HCI: hcif disc complete: hdl 0x0, rsn 0x13[0m
[0;32mI (42483) EXAMPLE: ESP_BLE_MESH_MODEL_OP_APP_KEY_ADD[0m
[0;32mI (42483) EXAMPLE: net_idx 0x0000, app_idx 0x0000[0m
[0;32mI (42483) AppKey: 44 b0 51 ae 8d fe 43 11 f6 2c aa 80 4d 3e c0 cd[0m
[0;32mI (52563) EXAMPLE: ESP_BLE_MESH_MODEL_OP_APP_KEY_ADD[0m
[0;32mI (52563) EXAMPLE: net_idx 0x0000, app_idx 0x0007[0m
[0;32mI (52563) AppKey: ac 6a a8 16 a1 25 88 ba d9 67 37 f3 00 6c b0 f5[0m
[0;32mI (61603) EXAMPLE: ESP_BLE_MESH_MODEL_OP_MODEL_APP_BIND[0m
[0;32mI (61603) EXAMPLE: elem_addr 0x0025, app_idx 0x0007, cid 0xffff, mod_id 0x1001[0m
[0;32mI (61603) EXAMPLE: AppKey vinculada: AppIdx 0x0007[0m
[0;32mI (61613) EXAMPLE_NVS: Store, key "onoff_client", length 6[0m
[0;32mI (61613) EXAMPLE_NVS: Store, data: 00 00 07 00 00 12[0m
[0;33mW (114283) BT_HCI: hcif disc complete: hdl 0x0, rsn 0x13[0m
ï¿½+ï¿½ï¿½ RAM available for dynamic allocation:
[0;32mI (482) heap_init: At 3FFAFF10 len 000000F0 (0 KiB): DRAM[0m
[0;32mI (487) heap_init: At 3FFB6388 len 00001C78 (7 KiB): DRAM[0m
[0;32mI (493) heap_init: At 3FFB9A20 len 00004108 (16 KiB): DRAM[0m
[0;32mI (498) heap_init: At 3FFCAE48 len 000151B8 (84 KiB): DRAM[0m
[0;32mI (503) heap_init: At 3FFE0440 len 00003AE0 (14 KiB): D/IRAM[0m
[0;32mI (508) heap_init: At 3FFE4350 len 0001BCB0 (111 KiB): D/IRAM[0m
[0;32mI (514) heap_init: At 40097CA8 len 00008358 (32 KiB): IRAM[0m
[0;32mI (521) spi_flash: detected chip: generic[0m
[0;32mI (523) spi_flash: flash io: dio[0m
[0;33mW (526) spi_flash: Detected size(4096k) larger than the size in the binary image header(2048k). Using the size in the binary image header.[0m
[0;32mI (539) coexist: coex firmware version: e727207[0m
[0;32mI (543) main_task: Started on CPU0[0m
[0;32mI (553) main_task: Calling app_main()[0m
[0;32mI (553) EXAMPLE: Initializing...[0m
[0;32mI (553) gpio: GPIO[25]| InputEn: 0| OutputEn: 0| OpenDrain: 0| Pullup: 1| Pulldown: 0| Intr:0 [0m
[0;32mI (553) gpio: GPIO[26]| InputEn: 0| OutputEn: 0| OpenDrain: 0| Pullup: 1| Pulldown: 0| Intr:0 [0m
[0;32mI (563) gpio: GPIO[27]| InputEn: 0| OutputEn: 0| OpenDrain: 0| Pullup: 1| Pulldown: 0| Intr:0 [0m
use esp timer !!!
[1;31mE (573) esp_timer: Task is already initialized[0m
[0;32mI (573) gpio: GPIO[0]| InputEn: 1| OutputEn: 0| OpenDrain: 0| Pullup: 1| Pulldown: 0| Intr:3 [0m
[0;32mI (603) BTDM_INIT: BT controller compile version [dc1cd58][0m
[0;32mI (603) BTDM_INIT: Bluetooth MAC: 14:33:5c:38:cf:e2[0m
[0;32mI (603) phy_init: phy_version 4860,6b7a6e5,Feb  6 2025,14:47:07[0m
[0;32mI (953) EXAMPLE_NVS: Open namespace done, name "mesh_example"[0m
[0;32mI (1043) EXAMPLE: ESP_BLE_MESH_PROV_REGISTER_COMP_EVT, err_code 0[0m
[0;32mI (1043) EXAMPLE_NVS: Restore, key "onoff_client", length 6[0m
[0;32mI (1043) EXAMPLE_NVS: Restore, data: 00 00 07 00 00 12[0m
[0;32mI (1043) EXAMPLE: Restore, net_idx 0x0000, app_idx 0x0007, onoff 0, tid 0x12[0m
[0;32mI (1063) EXAMPLE: ESP_BLE_MESH_NODE_PROV_ENABLE_COMP_EVT, err_code 0[0m
[0;32mI (1063) EXAMPLE: BLE Mesh Node initialized[0m
[0;32mI (1063) gpio: GPIO[27]| InputEn: 1| OutputEn: 0| OpenDrain: 0| Pullup: 1| Pulldown: 0| Intr:2 [0m
[1;31mE (1073) gpio: gpio_install_isr_service(502): GPIO isr service already installed[0m
[0;32mI (10203) EXAMPLE: ESP_BLE_MESH_NODE_PROV_LINK_OPEN_EVT, bearer PB-GATT[0m
[0;33mW (21263) BLE_MESH: No Health Server context provided[0m
[0;33mW (23253) BLE_MESH: No Health Server context provided[0m
[0;32mI (23273) EXAMPLE: ESP_BLE_MESH_NODE_PROV_LINK_CLOSE_EVT, bearer PB-GATT[0m
[0;32mI (23273) EXAMPLE: ESP_BLE_MESH_NODE_PROV_COMPLETE_EVT[0m
[0;32mI (23273) EXAMPLE: net_idx: 0x0000, addr: 0x001d[0m
[0;32mI (23283) EXAMPLE: flags: 0x00, iv_index: 0x00000000[0m
[0;32mI (23283) EXAMPLE: Provisioning completado! NetIdx: 0x0000, Addr: 0x001d[0m
[0;33mW (24373) BT_HCI: hcif disc complete: hdl 0x0, rsn 0x13[0m
[0;32mI (33483) EXAMPLE: ESP_BLE_MESH_MODEL_OP_APP_KEY_ADD[0m
[0;32mI (33483) EXAMPLE: net_idx 0x0000, app_idx 0x0000[0m
[0;32mI (33483) AppKey: 44 b0 51 ae 8d fe 43 11 f6 2c aa 80 4d 3e c0 cd[0m
[0;32mI (45803) EXAMPLE: ESP_BLE_MESH_MODEL_OP_MODEL_APP_BIND[0m
[0;32mI (45803) EXAMPLE: elem_addr 0x001d, app_idx 0x0000, cid 0xffff, mod_id 0x1001[0m
[0;32mI (45803) EXAMPLE: AppKey vinculada: AppIdx 0x0000[0m
[0;32mI (45823) EXAMPLE_NVS: Store, key "onoff_client", length 6[0m
[0;32mI (45823) EXAMPLE_NVS: Store, data: 00 00 00 00 00 12[0m
[0;33mW (94073) BT_HCI: hcif disc complete: hdl 0x0, rsn 0x13[0m
[0;33mW (266813) BLE_MESH: No outbound bearer found, inbound bearer 1[0m
[0;32mI (266833) EXAMPLE_NVS: Store, key "onoff_client", length 6[0m
[0;32mI (266833) EXAMPLE_NVS: Store, data: 00 00 00 00 01 13[0m
[0;33mW (266863) BLE_MESH: No outbound bearer found, inbound bearer 1[0m
[0;32mI (266873) EXAMPLE_NVS: Store, key "onoff_client", length 6[0m
[0;32mI (266873) EXAMPLE_NVS: Store, data: 00 00 00 00 00 14[0m
[0;33mW (266903) BLE_MESH: No outbound bearer found, inbound bearer 1[0m
[0;32mI (266923) EXAMPLE_NVS: Store, key "onoff_client", length 6[0m
[0;32mI (266923) EXAMPLE_NVS: Store, data: 00 00 00 00 01 15[0m
[0;33mW (266953) BLE_MESH: No outbound bearer found, inbound bearer 1[0m
[0;32mI (266963) EXAMPLE_NVS: Store, key "onoff_client", length 6[0m
[0;32mI (266963) EXAMPLE_NVS: Store, data: 00 00 00 00 00 16[0m
[0;33mW (266993) BLE_MESH: No outbound bearer found, inbound bearer 1[0m
[0;32mI (267013) EXAMPLE_NVS: Store, key "onoff_client", length 6[0m
[0;32mI (267013) EXAMPLE_NVS: Store, data: 00 00 00 00 01 17[0m
[0;33mW (277123) BLE_MESH: No outbound bearer found, inbound bearer 1[0m
[0;32mI (277143) EXAMPLE_NVS: Store, key "onoff_client", length 6[0m
[0;32mI (277143) EXAMPLE_NVS: Store, data: 00 00 00 00 00 18[0m
[0;33mW (277173) BLE_MESH: No outbound bearer found, inbound bearer 1[0m
[0;32mI (277183) EXAMPLE_NVS: Store, key "onoff_client", length 6[0m
[0;32mI (277183) EXAMPLE_NVS: Store, data: 00 00 00 00 01 19[0m
[0;33mW (277323) BLE_MESH: No outbound bearer found, inbound bearer 1[0m
[0;32mI (277343) EXAMPLE_NVS: Store, key "onoff_client", length 6[0m
[0;32mI (277343) EXAMPLE_NVS: Store, data: 00 00 00 00 00 1a[0m
ï¿½%At 3FFE4350 len 0001BCB0 (111 KiB): D/IRAM
[0;32mI (514) heap_init: At 40097CA8 len 00008358 (32 KiB): IRAM[0m
[0;32mI (521) spi_flash: detected chip: generic[0m
[0;32mI (523) spi_flash: flash io: dio[0m
[0;33mW (526) spi_flash: Detected size(4096k) larger than the size in the binary image header(2048k). Using the size in the binary image header.[0m
[0;32mI (539) coexist: coex firmware version: e727207[0m
[0;32mI (543) main_task: Started on CPU0[0m
[0;32mI (553) main_task: Calling app_main()[0m
[0;32mI (553) EXAMPLE: Initializing...[0m
[0;32mI (553) gpio: GPIO[25]| InputEn: 0| OutputEn: 0| OpenDrain: 0| Pullup: 1| Pulldown: 0| Intr:0 [0m
[0;32mI (553) gpio: GPIO[26]| InputEn: 0| OutputEn: 0| OpenDrain: 0| Pullup: 1| Pulldown: 0| Intr:0 [0m
[0;32mI (563) gpio: GPIO[27]| InputEn: 0| OutputEn: 0| OpenDrain: 0| Pullup: 1| Pulldown: 0| Intr:0 [0m
use esp timer !!!
[1;31mE (573) esp_timer: Task is already initialized[0m
[0;32mI (573) gpio: GPIO[0]| InputEn: 1| OutputEn: 0| OpenDrain: 0| Pullup: 1| Pulldown: 0| Intr:3 [0m
[0;32mI (603) BTDM_INIT: BT controller compile version [dc1cd58][0m
[0;32mI (603) BTDM_INIT: Bluetooth MAC: 14:33:5c:38:cf:e2[0m
[0;32mI (603) phy_init: phy_version 4860,6b7a6e5,Feb  6 2025,14:47:07[0m
[0;32mI (953) EXAMPLE_NVS: Open namespace done, name "mesh_example"[0m
[0;32mI (1033) EXAMPLE: ESP_BLE_MESH_PROV_REGISTER_COMP_EVT, err_code 0[0m
[0;32mI (1033) EXAMPLE_NVS: Restore, key "onoff_client", length 6[0m
[0;32mI (1033) EXAMPLE_NVS: Restore, data: 00 00 00 00 00 1a[0m
[0;32mI (1043) EXAMPLE: Restore, net_idx 0x0000, app_idx 0x0000, onoff 0, tid 0x1a[0m
[0;32mI (1063) EXAMPLE: ESP_BLE_MESH_NODE_PROV_ENABLE_COMP_EVT, err_code 0[0m
[0;32mI (1063) EXAMPLE: BLE Mesh Node initialized[0m
[0;32mI (1063) gpio: GPIO[27]| InputEn: 1| OutputEn: 0| OpenDrain: 0| Pullup: 1| Pulldown: 0| Intr:2 [0m
[1;31mE (1063) gpio: gpio_install_isr_service(502): GPIO isr service already installed[0m
